// Jest Snapshot v1, https://goo.gl/fbAQLP

exports[`Pruebas para el <AddCategory />  Debe mostrar el componente correctamente  1`] = `
<form
  onSubmit={[Function]}
>
  <input
    onChange={[Function]}
    placeholder="Search..."
    type="text"
    value=""
  />
</form>
`;
